# The glade: far sky (layer 1), mid tree line (layer 2), field tiles (layer 3), props (layer 4).
F ../layers/far.px:far
M ../layers/mid.px:mid
a ../tiles/field.px:grass_a
b ../tiles/field.px:grass_b
c ../tiles/field.px:grass_c
f ../tiles/field.px:flowers
p ../tiles/field.px:path
N ../tiles/field.px:path_n
S ../tiles/field.px:path_s
W ../tiles/field.px:path_w
E ../tiles/field.px:path_e
1 ../tiles/field.px:path_nw
2 ../tiles/field.px:path_ne
3 ../tiles/field.px:path_sw
4 ../tiles/field.px:path_se
7 ../tiles/field.px:path_isw
8 ../tiles/field.px:path_ise
s ../tiles/field.px:step
o ../tiles/field.px:stone
T ../tiles/tree.px:tree+b
t ../tiles/tree.px:tree+hb
P ../tiles/tree.px:pine+b

F...............
................
................
................
................
................
................
---
................
................
M...............
---
................
................
................
................
................
................
................
abfab1NNNNNN2baf
bacaaWppppppEcab
afbabWppppppEaba
bcaab3SS78SS4bfa
abafbcabWEbasbab
fbabacbaWEabcafb
abcabfabWEbabacb
---
................
................
................
................
................
................
................
................
................
.P............T.
................
T..............t
................
................
